<?xml version="1.0" encoding="UTF-8"?>
<testsuites name="jest tests" tests="1" failures="0" errors="0" time="1.986">
  <testsuite name="undefined" errors="0" failures="0" skipped="0" timestamp="2024-10-30T07:05:51" time="0.253" tests="1">
    <testcase classname=" hello" name=" hello" time="0.002">
    </testcase>
  </testsuite>
</testsuites>